U-Boot 1.0.0 (Mar 17 2011 - 17:40:19)

U-Boot code: 33F80000 -> 33F9E7D4  BSS: -> 33FB2000
IRQ Stack: 33fd2ffc
FIQ Stack: 33fd3ffc
DRAM Configuration:
Bank #0: 30000000 64 MB
NAND:64 MB
Net:   AX88796C_SPI
In:    serial
Out:   serial
Err:   serial
Hit any key to stop autoboot:  0
zImage magic = 0x016f2818
NOW, Booting Linux......
Uncompressing Linux... done, booting the kernel.
[    0.000000] Linux version 2.6.35.1 (asix@localhost.localdomain) (gcc version 4.3.5 (Buildroot 2010.08-rc1) ) #52 Tue Mar 8 20:42:46 CST 2011
[    0.000000] CPU: ARM920T [41129200] revision 0 (ARMv4T), cr=c0007177
[    0.000000] CPU: VIVT data cache, VIVT instruction cache
[    0.000000] Machine: SMDK2440
[    0.000000] Warning: bad configuration page, trying to continue
[    0.000000] Memory policy: ECC disabled, Data cache writeback
[    0.000000] CPU S3C2440A (id 0x32440001)
[    0.000000] S3C24XX Clocks, Copyright 2004 Simtec Electronics
[    0.000000] S3C244X: core 406.425 MHz, memory 135.475 MHz, peripheral 67.737 MHz
[    0.000000] CLOCK: Slow mode (2.116 MHz), fast, MPLL on, UPLL on
[    0.000000] Built 1 zonelists in Zone order, mobility grouping on.  Total pages: 16256
[    0.000000] Kernel command line: noinitrd root=/dev/mtdblock2 console=ttySAC0,115200 mem=64M init=/linuxrc
[    0.000000] PID hash table entries: 256 (order: -2, 1024 bytes)
[    0.000000] Dentry cache hash table entries: 8192 (order: 3, 32768 bytes)
[    0.000000] Inode-cache hash table entries: 4096 (order: 2, 16384 bytes)
[    0.000000] Memory: 64MB = 64MB total
[    0.000000] Memory: 61492k/61492k available, 4044k reserved, 0K highmem
[    0.000000] Virtual kernel memory layout:
[    0.000000]     vector  : 0xffff0000 - 0xffff1000   (   4 kB)
[    0.000000]     fixmap  : 0xfff00000 - 0xfffe0000   ( 896 kB)
[    0.000000]     DMA     : 0xffc00000 - 0xffe00000   (   2 MB)
[    0.000000]     vmalloc : 0xc4800000 - 0xe0000000   ( 440 MB)
[    0.000000]     lowmem  : 0xc0000000 - 0xc4000000   (  64 MB)
[    0.000000]     modules : 0xbf000000 - 0xc0000000   (  16 MB)
[    0.000000]       .init : 0xc0008000 - 0xc0026000   ( 120 kB)
[    0.000000]       .text : 0xc0026000 - 0xc0304000   (2936 kB)
[    0.000000]       .data : 0xc0316000 - 0xc03380c0   ( 137 kB)
[    0.000000] Hierarchical RCU implementation.
[    0.000000]  RCU-based detection of stalled CPUs is disabled.
[    0.000000]  Verbose stalled-CPUs detection is disabled.
[    0.000000] NR_IRQS:85
[    0.000000] irq: clearing pending ext status 00000300
[    0.000000] irq: clearing subpending status 00000002
[    0.000000] Console: colour dummy device 80x30
[    0.000000] console [ttySAC0] enabled
[    0.015000] Calibrating delay loop... 202.75 BogoMIPS (lpj=506880)
[    0.110000] pid_max: default: 32768 minimum: 301
[    0.110000] Mount-cache hash table entries: 512
[    0.115000] CPU: Testing write buffer coherency: ok
[    0.125000] gpiochip_add: gpios 288..303 (GPIOK) failed to register
[    0.130000] gpiochip_add: gpios 320..334 (GPIOL) failed to register
[    0.135000] gpiochip_add: gpios 352..353 (GPIOM) failed to register
[    0.145000] NET: Registered protocol family 16
[    0.155000] *********************************
[    0.155000] ***** Set Back1 16-bit mode *****
[    0.155000] *********************************
[    0.175000] S3C Power Management, Copyright 2004 Simtec Electronics
[    0.180000] S3C2440: Initialising architecture
[    0.180000] S3C2440: IRQ Support
[    0.185000] S3C244X: Clock Support, DVS off
[    0.280000] bio: create slab <bio-0> at 0
[    0.290000] SCSI subsystem initialized
[    0.290000] usbcore: registered new interface driver usbfs
[    0.295000] usbcore: registered new interface driver hub
[    0.300000] usbcore: registered new device driver usb
[    0.330000] NET: Registered protocol family 2
[    0.330000] IP route cache hash table entries: 1024 (order: 0, 4096 bytes)
[    0.335000] TCP established hash table entries: 2048 (order: 2, 16384 bytes)
[    0.340000] TCP bind hash table entries: 2048 (order: 3, 40960 bytes)
[    0.350000] TCP: Hash tables configured (established 2048 bind 2048)
[    0.355000] TCP reno registered
[    0.355000] UDP hash table entries: 128 (order: 0, 6144 bytes)
[    0.360000] UDP-Lite hash table entries: 128 (order: 0, 6144 bytes)
[    0.365000] NET: Registered protocol family 1
[    0.370000] NetWinder Floating Point Emulator V0.97 (extended precision)
[    0.385000] JFFS2 version 2.2. (NAND) ? 2001-2006 Red Hat, Inc.
[    0.385000] msgmni has been set to 120
[    0.390000] io scheduler noop registered
[    0.395000] io scheduler deadline registered
[    0.395000] io scheduler cfq registered (default)
[    0.420000] Console: switching to colour frame buffer device 30x40
[    0.425000] fb0: s3c2410fb frame buffer device
[    1.855000] Serial: 8250/16550 driver, 4 ports, IRQ sharing enabled
[    1.875000] s3c2440-uart.0: s3c2410_serial0 at MMIO 0x50000000 (irq = 70) is a S3C2440
[    1.880000] s3c2440-uart.1: s3c2410_serial1 at MMIO 0x50004000 (irq = 73) is a S3C2440
[    1.890000] s3c2440-uart.2: s3c2410_serial2 at MMIO 0x50008000 (irq = 76) is a S3C2440
[    1.955000] brd: module loaded
[    1.985000] loop: module loaded
[    1.995000] S3C24XX NAND Driver, (c) 2004 Simtec Electronics
[    1.995000] s3c24xx-nand s3c2440-nand: Tacls=2, 14ns Twrph0=6 44ns, Twrph1=2 14ns
[    2.000000] s3c24xx-nand s3c2440-nand: NAND ECC disabled
[    2.005000] NAND device: Manufacturer ID: 0xec, Chip ID: 0x76 (Samsung NAND 64MiB 3,3V 8-bit)
[    2.010000] NAND_ECC_NONE selected by board driver. This is not recommended !!
[    2.015000] Scanning device for bad blocks
[    2.215000] Creating 4 MTD partitions on "NAND 64MiB 3,3V 8-bit":
[    2.215000] 0x000000000000-0x000000030000 : "Boot Agent"
[    2.230000] 0x000000030000-0x000000200000 : "S3C2440 Linux Kernel"
[    2.240000] 0x000000200000-0x000001e00000 : "S3C2410 Root (Read Only)"
[    2.250000] 0x000001e00000-0x000004000000 : "S3C2410 User"
[    2.265000] pre-scaler=1 (wanted 25000000, got 16934400)
[    2.270000] usbcore: registered new interface driver asix
[    2.270000] usbmon: debugfs is not available
[    2.275000] ohci_hcd: USB 1.1 'Open' Host Controller (OHCI) Driver
[    2.285000] s3c2410-ohci s3c2410-ohci: S3C24XX OHCI
[    2.285000] s3c2410-ohci s3c2410-ohci: new USB bus registered, assigned bus number 1
[    2.290000] s3c2410-ohci s3c2410-ohci: irq 42, io mem 0x49000000
[    2.355000] hub 1-0:1.0: USB hub found
[    2.355000] hub 1-0:1.0: 2 ports detected
[    2.365000] Initializing USB Mass Storage driver...
[    2.365000] usbcore: registered new interface driver usb-storage
[    2.370000] USB Mass Storage support registered.
[    2.375000] usbcore: registered new interface driver libusual
[    2.385000] usbcore: registered new interface driver usbserial
[    2.385000] USB Serial support registered for generic
[    2.395000] usbcore: registered new interface driver usbserial_generic
[    2.400000] usbserial: USB Serial Driver core
[    2.405000] USB Serial support registered for FTDI USB Serial Device
[    2.410000] usbcore: registered new interface driver ftdi_sio
[    2.415000] ftdi_sio: v1.6.0:USB FTDI Serial Converters Driver
[    2.420000] USB Serial support registered for pl2303
[    2.425000] usbcore: registered new interface driver pl2303
[    2.430000] pl2303: Prolific PL2303 USB to serial adaptor driver
[    2.440000] mice: PS/2 mouse device common for all mice
[    2.445000] S3C2410 Watchdog Timer, (c) 2004 Simtec Electronics
[    2.450000] s3c2410-wdt s3c2410-wdt: watchdog inactive, reset disabled, irq enabled
[    2.465000] TCP cubic registered
[    2.465000] NET: Registered protocol family 17
[    2.480000] VFS: Mounted root (cramfs filesystem) readonly on device 31:2.
[    2.485000] Freeing init memory: 120K
[    2.685000] usb 1-1: new full speed USB device using s3c2410-ohci and address 2
Initializing random number generator... read-only file system detected...done
Starting network...
Starting vsftpd: OK

Welcome to Buildroot
buildroot login: root
# cd /
# insmod ax88796c-spi.ko msg_enable=0xffff
[   51.135000] Register AX88796C SPI Ethernet Driver.
[   51.135000] ASIX AX88796C SPI Ethernet Adapter.c:v1.3.0 10:41:35 Oct 20 2016
[   51.135000] <6>  http://www.asix.com.tw
[   51.140000] AX88796C-SPI Configuration:
[   51.145000]     Compression : OFF
[   51.145000]     Power Saving Level: 0
[   51.160000]
[   51.160000] Dump all MAC registers before initialization:
[   51.160000]        Page0   Page1   Page2   Page3   Page4   Page5   Page6   Page7
[   51.165000] 0x00   0x80e0  0x0000  0x0000  0x0000  0x0000  0x0000  0x0000  0x0000
[   51.170000] 0x02   0x1234  0x0000  0x0000  0x0000  0x0000  0x0000  0x0000  0x0000
[   51.180000] 0x04   0x0043  0x0000  0x1002  0x0000  0xf000  0x0000  0x0000  0x0000
[   51.185000] 0x06   0x0200  0x0000  0x05f8  0x0000  0x0000  0x0000  0x0000  0x0000
[   51.195000] 0x08   0xffff  0x2000  0x0000  0x0000  0x0000  0x0000  0x0000  0x0000
[   51.200000] 0x0a   0x0000  0x4105  0x0000  0x0000  0x0c00  0x0000  0x0000  0x0000
[   51.210000] 0x0c   0xc820  0x0101  0x0204  0x0000  0xff00  0x0000  0x0000  0x0000
[   51.215000] 0x0e   0x0318  0x0101  0x1508  0x0000  0x0000  0x0000  0x0000  0x0000
[   51.225000] 0x10   0x001f  0xc000  0x120c  0x0000  0x0000  0x0000  0x0000  0x0000
[   51.235000] 0x12   0x0040  0x0900  0x0000  0x0000  0x0000  0x0000  0x0000  0x0000
[   51.240000] 0x14   0x0000  0x000f  0x4224  0x0000  0x0000  0x0000  0x0000  0x0000
[   51.250000] 0x16   0x0000  0x0000  0x0001  0xffff  0x0000  0x0000  0x0000  0x0000
[   51.255000] 0x18   0x4000  0x0000  0x043f  0x2000  0x0000  0x0000  0x0000  0x0000
[   51.265000] 0x1a   0x0000  0x0000  0x0000  0x1500  0x0000  0x0000  0x0000  0x0000
[   51.270000] 0x1c   0x0000  0x0000  0x0600  0x0048  0x0000  0x0000  0x0000  0x0000
[   51.280000] 0x1e   0x0000  0x0000  0x0000  0x0000  0x0000  0x0000  0x0000  0x0000
[   51.285000]
[   51.290000] Dump PHY registers:
[   51.295000]   MR0 = 0x3100
[   51.295000]   MR1 = 0x7829
[   51.295000]   MR2 = 0x003b
[   51.305000]   MR3 = 0x1891
[   51.305000]   MR4 = 0x05e1
[   51.305000]   MR5 = 0x45e1
[   51.310000] Use random MAC address
[   51.310000] AX88796C-SPI: addr 0x0, irq 63, MAC addr F6:9F:96:F3:96:19
# ifconfig eth0 192.168.1.20
[  134.620000] eth0: Interrupt occurred
[  134.620000]
[  134.620000] Dump all MAC registers after initialization:
[  134.625000]        Page0   Page1   Page2   Page3   Page4   Page5   Page6   Page7
[  134.630000] 0x00   0x80e0  0x0000  0x0000  0x0000  0x0000  0x0000  0x0000  0x0000
[  134.640000] 0x02   0x1234  0x0001  0x0000  0x9619  0x0000  0x0000  0x0000  0x0000
[  134.645000] 0x04   0xca43  0x0000  0x1007  0x96f3  0xf000  0x0000  0x0000  0x0000
[  134.655000] 0x06   0x0200  0x0000  0x05ff  0xf69f  0x0000  0x0000  0x0000  0x0000
[  134.660000] 0x08   0x0100  0x2000  0x0000  0x0000  0x0000  0x0000  0x0000  0x0000
[  134.670000] 0x0a   0x0000  0x4105  0x3000  0x0000  0x0c00  0x0000  0x0000  0x0000
[  134.675000] 0x0c   0x9820  0x0101  0x0305  0x0000  0xff00  0x0000  0x0000  0x0000
[  134.685000] 0x0e   0x031e  0x0101  0x1509  0x0000  0x0000  0x0000  0x0000  0x0000
[  134.695000] 0x10   0x001f  0x4000  0x120c  0x0000  0x0000  0x0000  0x0000  0x0000
[  134.700000] 0x12   0x0040  0x0900  0x0000  0x0000  0x031d  0x0000  0x0000  0x0000
[  134.710000] 0x14   0x0000  0x000f  0x4224  0x0000  0x0200  0x0000  0x0000  0x0000
[  134.715000] 0x16   0x0000  0x0000  0x0001  0xffff  0x0307  0x0000  0x0000  0x0000
[  134.725000] 0x18   0x4000  0x0000  0x043f  0x2000  0x0002  0x0000  0x0000  0x0000
[  134.730000] 0x1a   0x0000  0x0000  0x0000  0x1500  0x0000  0x0000  0x0000  0x0000
[  134.740000] 0x1c   0x0000  0x0000  0x0600  0x0048  0x0000  0x0000  0x0000  0x0000
[  134.745000] 0x1e   0x0000  0x0000  0x0000  0x0000  0x0000  0x0000  0x0000  0x0000
[  134.755000]
[  134.755000] Dump PHY registers:
[  134.760000]   MR0 = 0x3000
[  134.765000]   MR1 = 0x7809
[  134.765000]   MR2 = 0x003b
[  134.765000]   MR3 = 0x1891
[  134.775000]   MR4 = 0x05e1
[  134.775000]   MR5 = 0x0000
[  134.775000]   ISR 0x0200
[  134.780000]   Link change interrupt
[  134.780000] Dump PHY registers:
# [  134.795000]   MR0 = 0x3000
[  134.795000]   MR1 = 0x7809
[  134.795000]   MR2 = 0x003b
[  134.795000]   MR3 = 0x1891
[  134.805000]   MR4 = 0x05e1
[  134.805000]   MR5 = 0x0000
[  134.805000] eth0: Interrupt occurred
[  134.815000]   ISR 0x0000
[  134.815000] eth0: Interrupt occurred
[  134.815000]   ISR 0x0000
[  135.775000] eth0: Cable connected
[  136.325000] eth0: Interrupt occurred
[  136.325000]   ISR 0x0200
[  136.330000]   Link change interrupt
[  136.330000] Dump PHY registers:
[  136.340000]   MR0 = 0x3100
[  136.340000]   MR1 = 0x782d
[  136.340000]   MR2 = 0x003b
[  136.345000]   MR3 = 0x1891
[  136.345000]   MR4 = 0x05e1
[  136.350000]   MR5 = 0x45e1
[  136.350000] eth0: link up, 100Mbps, full-duplex
[  136.360000] eth0: Interrupt occurred
[  136.360000]   ISR 0x0000
[  136.360000] eth0: Interrupt occurred
[  136.365000]   ISR 0x0000

# ping 192.168.1.12 -c 3
PING 192.168.1.12 (192.168.1.12): 56 data bytes
[  148.815000]
[  148.815000] ax88796c_tx_fixup: TX packet len 42, total len 60, seq 0
[  148.815000]   Dump SPI Header:
[  148.815000]     02 ff ff ff
[  148.825000]   Dump TX SOP:
[  148.825000]     80 2a 07 d5 c0 2a 07 d5
[  148.830000]   Dump TX packet:ff ff ff ff ff ff f6 9f 96 f3 96 19
[  148.835000]     08 06 00 01 08 00 06 04 00 01 f6 9f 96 f3 96 19
[  148.840000]     c0 a8 01 14 00 00 00 00 00 00 c0 a8 01 0c 8b 4a
[  148.850000]   Dump TX EOP:
[  148.850000]     00 2a ff d5
[  148.865000] eth0: Interrupt occurred
[  148.865000]   ISR 0x0001
[  148.865000]   RX interrupt
[  148.875000]
[  148.875000] ax88796c_rx_fixup: RX data, total len 68, packet len 60
[  148.875000]   Dump RX packet header:
[  148.875000]     3c 00 c3 07 00 00
[  148.880000]   Dump RX packet:
[  148.880000]     f6 9f 96 f3 96 19 00 00 00 00 00 08 08 06 00 01
[  148.890000]     08 00 06 04 00 02 00 00 00 00 00 08 c0 a8 01 0c
[  148.895000]     f6 9f 96 f3 96 19 c0 a8 01 14 00 00 00 00 00 00
[  148.900000]     00 00 00 00 00 00 00 00 00 00 00 00
[  148.905000] < rx, len 60, type 0x608
[  148.920000]   ISR 0x0000
[  148.920000] eth0: Interrupt occurred
[  148.925000]
[  148.925000] ax88796c_tx_fixup: TX packet len 98, total len 116, seq 1
[  148.930000]   Dump SPI Header:
[  148.930000]     02 ff ff ff
[  148.935000]   Dump TX SOP:
[  148.935000]     80 62 0f 9d c0 62 07 9d
[  148.945000]   Dump TX packet:00 00 00 00 00 08 f6 9f 96 f3 96 19
[  148.950000]     08 00 45 00 00 54 00 00 40 00 40 01 b7 38 c0 a8
[  148.955000]     01 14 c0 a8 01 0c 08 00 8b 4a 7e 03 00 00 10 a9
[  148.960000]     de 08 00 00 00 00 00 00 00 00 00 00 00 00 00 00
[  148.965000]     00 00 00 00 00 00 00 00 00 00 00 00 00 00 00 00
[  148.975000]     00 00 00 00 00 00 00 00 00 00 00 00 00 00 00 00
[  148.980000]     00 00 00 00 00 00 00 00
[  148.985000]   Dump TX EOP:
[  148.985000]     08 62 f7 9d
[  149.010000]   ISR 0x0000
[  149.010000] eth0: Interrupt occurred
[  149.010000]   ISR 0x0001
[  149.010000]   RX interrupt
[  149.020000]
[  149.020000] ax88796c_rx_fixup: RX data, total len 104, packet len 98
[  149.020000]   Dump RX packet header:
[  149.020000]     62 00 9d 0f 00 20
[  149.030000]   Dump RX packet:
[  149.030000]     f6 9f 96 f3 96 19 00 00 00 00 00 08 08 00 45 00
[  149.040000]     00 54 20 d0 40 00 80 01 56 68 c0 a8 01 0c c0 a8
[  149.045000]     01 14 00 00 93 4a 7e 03 00 00 10 a9 de 08 00 00
[  149.050000]     00 00 00 00 00 00 00 00 00 00 00 00 00 00 00 00
[  149.055000]     00 00 00 00 00 00 00 00 00 00 00 00 00 00 00 00
[  149.060000]     00 00 00 00 00 00 00 00 00 00 00 00 00 00 00 00
[  149.070000]     00 00
[  149.070000] < rx, len 98, type 0x8
64 bytes from 192.168.1.12: seq=0 ttl=128 time=265.000 ms
[  149.090000]   ISR 0x0000
[  149.090000] eth0: Interrupt occurred
[  149.090000]   ISR 0x0000
[  149.095000] eth0: Interrupt occurred
[  149.095000]   ISR 0x0000
[  149.815000]
[  149.815000] ax88796c_tx_fixup: TX packet len 98, total len 116, seq 2
[  149.815000]   Dump SPI Header:
[  149.815000]     02 ff ff ff
[  149.820000]   Dump TX SOP:
[  149.820000]     80 62 17 9d c0 62 07 9d
[  149.830000]   Dump TX packet:00 00 00 00 00 08 f6 9f 96 f3 96 19
[  149.835000]     08 00 45 00 00 54 00 00 40 00 40 01 b7 38 c0 a8
[  149.840000]     01 14 c0 a8 01 0c 08 00 b3 f3 7e 03 00 01 d8 fe
[  149.845000]     ed 08 00 00 00 00 00 00 00 00 00 00 00 00 00 00
[  149.855000]     00 00 00 00 00 00 00 00 00 00 00 00 00 00 00 00
[  149.860000]     00 00 00 00 00 00 00 00 00 00 00 00 00 00 00 00
[  149.865000]     00 00 00 00 00 00 00 00
[  149.870000]   Dump TX EOP:
[  149.870000]     10 62 ef 9d
[  149.895000] eth0: Interrupt occurred
[  149.895000]   ISR 0x0001
[  149.895000]   RX interrupt
[  149.895000]
[  149.895000] ax88796c_rx_fixup: RX data, total len 104, packet len 98
[  149.900000]   Dump RX packet header:
[  149.900000]     62 00 9d 17 00 20
[  149.905000]   Dump RX packet:
[  149.910000]     f6 9f 96 f3 96 19 00 00 00 00 00 08 08 00 45 00
[  149.915000]     00 54 20 d1 40 00 80 01 56 67 c0 a8 01 0c c0 a8
[  149.920000]     01 14 00 00 bb f3 7e 03 00 01 d8 fe ed 08 00 00
[  149.925000]     00 00 00 00 00 00 00 00 00 00 00 00 00 00 00 00
[  149.935000]     00 00 00 00 00 00 00 00 00 00 00 00 00 00 00 00
[  149.940000]     00 00 00 00 00 00 00 00 00 00 00 00 00 00 00 00
[  149.945000]     00 00
[  149.945000] < rx, len 98, type 0x8
64 bytes from 192.168.1.12: seq=1 ttl=128 time=140.000 ms
[  149.970000]   ISR 0x0000
[  149.970000] eth0: Interrupt occurred
[  149.970000]   ISR 0x0000
[  149.975000] eth0: Interrupt occurred
[  149.975000]   ISR 0x0000
[  150.820000]
[  150.820000] ax88796c_tx_fixup: TX packet len 98, total len 116, seq 3
[  150.820000]   Dump SPI Header:
[  150.820000]     02 ff ff ff
[  150.825000]   Dump TX SOP:
[  150.825000]     80 62 1f 9d c0 62 07 9d
[  150.835000]   Dump TX packet:00 00 00 00 00 08 f6 9f 96 f3 96 19
[  150.840000]     08 00 45 00 00 54 00 00 40 00 40 01 b7 38 c0 a8
[  150.845000]     01 14 c0 a8 01 0c 08 00 dc 9c 7e 03 00 02 a0 54
[  150.850000]     fd 08 00 00 00 00 00 00 00 00 00 00 00 00 00 00
[  150.860000]     00 00 00 00 00 00 00 00 00 00 00 00 00 00 00 00
[  150.865000]     00 00 00 00 00 00 00 00 00 00 00 00 00 00 00 00
[  150.870000]     00 00 00 00 00 00 00 00
[  150.875000]   Dump TX EOP:
[  150.875000]     18 62 e7 9d
[  150.900000] eth0: Interrupt occurred
[  150.900000]   ISR 0x0001
[  150.900000]   RX interrupt
[  150.900000]
[  150.900000] ax88796c_rx_fixup: RX data, total len 104, packet len 98
[  150.905000]   Dump RX packet header:
[  150.905000]     62 00 9d 1f 00 20
[  150.910000]   Dump RX packet:
[  150.915000]     f6 9f 96 f3 96 19 00 00 00 00 00 08 08 00 45 00
[  150.920000]     00 54 20 d2 40 00 80 01 56 66 c0 a8 01 0c c0 a8
[  150.925000]     01 14 00 00 e4 9c 7e 03 00 02 a0 54 fd 08 00 00
[  150.930000]     00 00 00 00 00 00 00 00 00 00 00 00 00 00 00 00
[  150.940000]     00 00 00 00 00 00 00 00 00 00 00 00 00 00 00 00
[  150.945000]     00 00 00 00 00 00 00 00 00 00 00 00 00 00 00 00
[  150.950000]     00 00
[  150.950000] < rx, len 98, type 0x8
64 bytes from 192.168.1.12: seq=2 ttl=128 time=140.000 ms

--- 192.168.1.12 ping statistics ---
3 packets transmitted, 3 packets received, 0% packet loss
round-trip min/avg/max = 140.000/181.666/265.000 ms
